Archive member included to satisfy reference by file (symbol)

d:/st/stm32cubeide_1.3.0/stm32cubeide/plugins/com.st.stm32cube.ide.mcu.externaltools.gnu-tools-for-stm32.7-2018-q2-update.win32_1.0.0.201904181610/tools/bin/../lib/gcc/arm-none-eabi/7.3.1/../../../../arm-none-eabi/lib/thumb/v7e-m\libc_nano.a(lib_a-errno.o)
                              Src/syscalls.o (__errno)
d:/st/stm32cubeide_1.3.0/stm32cubeide/plugins/com.st.stm32cube.ide.mcu.externaltools.gnu-tools-for-stm32.7-2018-q2-update.win32_1.0.0.201904181610/tools/bin/../lib/gcc/arm-none-eabi/7.3.1/../../../../arm-none-eabi/lib/thumb/v7e-m\libc_nano.a(lib_a-exit.o)
                              d:/st/stm32cubeide_1.3.0/stm32cubeide/plugins/com.st.stm32cube.ide.mcu.externaltools.gnu-tools-for-stm32.7-2018-q2-update.win32_1.0.0.201904181610/tools/bin/../lib/gcc/arm-none-eabi/7.3.1/../../../../arm-none-eabi/lib/thumb/v7e-m/crt0.o (exit)
d:/st/stm32cubeide_1.3.0/stm32cubeide/plugins/com.st.stm32cube.ide.mcu.externaltools.gnu-tools-for-stm32.7-2018-q2-update.win32_1.0.0.201904181610/tools/bin/../lib/gcc/arm-none-eabi/7.3.1/../../../../arm-none-eabi/lib/thumb/v7e-m\libc_nano.a(lib_a-impure.o)
                              d:/st/stm32cubeide_1.3.0/stm32cubeide/plugins/com.st.stm32cube.ide.mcu.externaltools.gnu-tools-for-stm32.7-2018-q2-update.win32_1.0.0.201904181610/tools/bin/../lib/gcc/arm-none-eabi/7.3.1/../../../../arm-none-eabi/lib/thumb/v7e-m\libc_nano.a(lib_a-exit.o) (_global_impure_ptr)
d:/st/stm32cubeide_1.3.0/stm32cubeide/plugins/com.st.stm32cube.ide.mcu.externaltools.gnu-tools-for-stm32.7-2018-q2-update.win32_1.0.0.201904181610/tools/bin/../lib/gcc/arm-none-eabi/7.3.1/../../../../arm-none-eabi/lib/thumb/v7e-m\libc_nano.a(lib_a-init.o)
                              d:/st/stm32cubeide_1.3.0/stm32cubeide/plugins/com.st.stm32cube.ide.mcu.externaltools.gnu-tools-for-stm32.7-2018-q2-update.win32_1.0.0.201904181610/tools/bin/../lib/gcc/arm-none-eabi/7.3.1/../../../../arm-none-eabi/lib/thumb/v7e-m/crt0.o (__libc_init_array)
d:/st/stm32cubeide_1.3.0/stm32cubeide/plugins/com.st.stm32cube.ide.mcu.externaltools.gnu-tools-for-stm32.7-2018-q2-update.win32_1.0.0.201904181610/tools/bin/../lib/gcc/arm-none-eabi/7.3.1/../../../../arm-none-eabi/lib/thumb/v7e-m\libc_nano.a(lib_a-memset.o)
                              d:/st/stm32cubeide_1.3.0/stm32cubeide/plugins/com.st.stm32cube.ide.mcu.externaltools.gnu-tools-for-stm32.7-2018-q2-update.win32_1.0.0.201904181610/tools/bin/../lib/gcc/arm-none-eabi/7.3.1/../../../../arm-none-eabi/lib/thumb/v7e-m/crt0.o (memset)
d:/st/stm32cubeide_1.3.0/stm32cubeide/plugins/com.st.stm32cube.ide.mcu.externaltools.gnu-tools-for-stm32.7-2018-q2-update.win32_1.0.0.201904181610/tools/bin/../lib/gcc/arm-none-eabi/7.3.1/../../../../arm-none-eabi/lib/thumb/v7e-m\libc_nano.a(lib_a-printf.o)
                              Src/014uartcase.o (printf)
d:/st/stm32cubeide_1.3.0/stm32cubeide/plugins/com.st.stm32cube.ide.mcu.externaltools.gnu-tools-for-stm32.7-2018-q2-update.win32_1.0.0.201904181610/tools/bin/../lib/gcc/arm-none-eabi/7.3.1/../../../../arm-none-eabi/lib/thumb/v7e-m\libc_nano.a(lib_a-puts.o)
                              Src/014uartcase.o (puts)
d:/st/stm32cubeide_1.3.0/stm32cubeide/plugins/com.st.stm32cube.ide.mcu.externaltools.gnu-tools-for-stm32.7-2018-q2-update.win32_1.0.0.201904181610/tools/bin/../lib/gcc/arm-none-eabi/7.3.1/../../../../arm-none-eabi/lib/thumb/v7e-m\libc_nano.a(lib_a-strlen.o)
                              Src/014uartcase.o (strlen)
d:/st/stm32cubeide_1.3.0/stm32cubeide/plugins/com.st.stm32cube.ide.mcu.externaltools.gnu-tools-for-stm32.7-2018-q2-update.win32_1.0.0.201904181610/tools/bin/../lib/gcc/arm-none-eabi/7.3.1/../../../../arm-none-eabi/lib/thumb/v7e-m\libc_nano.a(lib_a-wbuf.o)
                              d:/st/stm32cubeide_1.3.0/stm32cubeide/plugins/com.st.stm32cube.ide.mcu.externaltools.gnu-tools-for-stm32.7-2018-q2-update.win32_1.0.0.201904181610/tools/bin/../lib/gcc/arm-none-eabi/7.3.1/../../../../arm-none-eabi/lib/thumb/v7e-m\libc_nano.a(lib_a-puts.o) (__swbuf_r)
d:/st/stm32cubeide_1.3.0/stm32cubeide/plugins/com.st.stm32cube.ide.mcu.externaltools.gnu-tools-for-stm32.7-2018-q2-update.win32_1.0.0.201904181610/tools/bin/../lib/gcc/arm-none-eabi/7.3.1/../../../../arm-none-eabi/lib/thumb/v7e-m\libc_nano.a(lib_a-wsetup.o)
                              d:/st/stm32cubeide_1.3.0/stm32cubeide/plugins/com.st.stm32cube.ide.mcu.externaltools.gnu-tools-for-stm32.7-2018-q2-update.win32_1.0.0.201904181610/tools/bin/../lib/gcc/arm-none-eabi/7.3.1/../../../../arm-none-eabi/lib/thumb/v7e-m\libc_nano.a(lib_a-puts.o) (__swsetup_r)
d:/st/stm32cubeide_1.3.0/stm32cubeide/plugins/com.st.stm32cube.ide.mcu.externaltools.gnu-tools-for-stm32.7-2018-q2-update.win32_1.0.0.201904181610/tools/bin/../lib/gcc/arm-none-eabi/7.3.1/../../../../arm-none-eabi/lib/thumb/v7e-m\libc_nano.a(lib_a-fflush.o)
[...]
Memory Configuration

Name             Origin             Length             Attributes
RAM              0x0000000020000000 0x0000000000020000 xrw
ROM              0x0000000008000000 0x0000000000080000 xr
*default*        0x0000000000000000 0xffffffffffffffff

Linker script and memory map

LOAD d:/st/stm32cubeide_1.3.0/stm32cubeide/plugins/com.st.stm32cube.ide.mcu.externaltools.gnu-tools-for-stm32.7-2018-q2-update.win32_1.0.0.201904181610/tools/bin/../lib/gcc/arm-none-eabi/7.3.1/thumb/v7e-m/crti.o
LOAD d:/st/stm32cubeide_1.3.0/stm32cubeide/plugins/com.st.stm32cube.ide.mcu.externaltools.gnu-tools-for-stm32.7-2018-q2-update.win32_1.0.0.201904181610/tools/bin/../lib/gcc/arm-none-eabi/7.3.1/thumb/v7e-m/crtbegin.o
LOAD d:/st/stm32cubeide_1.3.0/stm32cubeide/plugins/com.st.stm32cube.ide.mcu.externaltools.gnu-tools-for-stm32.7-2018-q2-update.win32_1.0.0.201904181610/tools/bin/../lib/gcc/arm-none-eabi/7.3.1/../../../../arm-none-eabi/lib/thumb/v7e-m/crt0.o
LOAD Src/014uartcase.o
LOAD Src/syscalls.o
LOAD Src/sysmem.o
LOAD Startup/startup_stm32f446retx.o
LOAD drivers/Src/stm32f446re_gpio_driver.o
LOAD drivers/Src/stm32f446re_i2c_driver.o
LOAD drivers/Src/stm32f446re_rcc_driver.o
LOAD drivers/Src/stm32f446re_spi_driver.o
LOAD drivers/Src/stm32f446re_usart_driver.o
START GROUP
LOAD d:/st/stm32cubeide_1.3.0/stm32cubeide/plugins/com.st.stm32cube.ide.mcu.externaltools.gnu-tools-for-stm32.7-2018-q2-update.win32_1.0.0.201904181610/tools/bin/../lib/gcc/arm-none-eabi/7.3.1/../../../../arm-none-eabi/lib/thumb/v7e-m\libc_nano.a
LOAD d:/st/stm32cubeide_1.3.0/stm32cubeide/plugins/com.st.stm32cube.ide.mcu.externaltools.gnu-tools-for-stm32.7-2018-q2-update.win32_1.0.0.201904181610/tools/bin/../lib/gcc/arm-none-eabi/7.3.1/../../../../arm-none-eabi/lib/thumb/v7e-m\libm.a
END GROUP
START GROUP
LOAD d:/st/stm32cubeide_1.3.0/stm32cubeide/plugins/com.st.stm32cube.ide.mcu.externaltools.gnu-tools-for-stm32.7-2018-q2-update.win32_1.0.0.201904181610/tools/bin/../lib/gcc/arm-none-eabi/7.3.1/thumb/v7e-m\libgcc.a
LOAD d:/st/stm32cubeide_1.3.0/stm32cubeide/plugins/com.st.stm32cube.ide.mcu.externaltools.gnu-tools-for-stm32.7-2018-q2-update.win32_1.0.0.201904181610/tools/bin/../lib/gcc/arm-none-eabi/7.3.1/../../../../arm-none-eabi/lib/thumb/v7e-m\libc_nano.a
END GROUP
START GROUP
LOAD d:/st/stm32cubeide_1.3.0/stm32cubeide/plugins/com.st.stm32cube.ide.mcu.externaltools.gnu-tools-for-stm32.7-2018-q2-update.win32_1.0.0.201904181610/tools/bin/../lib/gcc/arm-none-eabi/7.3.1/thumb/v7e-m\libgcc.a
LOAD d:/st/stm32cubeide_1.3.0/stm32cubeide/plugins/com.st.stm32cube.ide.mcu.externaltools.gnu-tools-for-stm32.7-2018-q2-update.win32_1.0.0.201904181610/tools/bin/../lib/gcc/arm-none-eabi/7.3.1/../../../../arm-none-eabi/lib/thumb/v7e-m\libc_nano.a
LOAD d:/st/stm32cubeide_1.3.0/stm32cubeide/plugins/com.st.stm32cube.ide.mcu.externaltools.gnu-tools-for-stm32.7-2018-q2-update.win32_1.0.0.201904181610/tools/bin/../lib/gcc/arm-none-eabi/7.3.1/../../../../arm-none-eabi/lib/thumb/v7e-m\libnosys.a
END GROUP
START GROUP
LOAD d:/st/stm32cubeide_1.3.0/stm32cubeide/plugins/com.st.stm32cube.ide.mcu.externaltools.gnu-tools-for-stm32.7-2018-q2-update.win32_1.0.0.201904181610/tools/bin/../lib/gcc/arm-none-eabi/7.3.1/thumb/v7e-m\libgcc.a
LOAD d:/st/stm32cubeide_1.3.0/stm32cubeide/plugins/com.st.stm32cube.ide.mcu.externaltools.gnu-tools-for-stm32.7-2018-q2-update.win32_1.0.0.201904181610/tools/bin/../lib/gcc/arm-none-eabi/7.3.1/../../../../arm-none-eabi/lib/thumb/v7e-m\libc_nano.a
LOAD d:/st/stm32cubeide_1.3.0/stm32cubeide/plugins/com.st.stm32cube.ide.mcu.externaltools.gnu-tools-for-stm32.7-2018-q2-update.win32_1.0.0.201904181610/tools/bin/../lib/gcc/arm-none-eabi/7.3.1/../../../../arm-none-eabi/lib/thumb/v7e-m\libnosys.a
END GROUP
LOAD d:/st/stm32cubeide_1.3.0/stm32cubeide/plugins/com.st.stm32cube.ide.mcu.externaltools.gnu-tools-for-stm32.7-2018-q2-update.win32_1.0.0.201904181610/tools/bin/../lib/gcc/arm-none-eabi/7.3.1/thumb/v7e-m/crtend.o
LOAD d:/st/stm32cubeide_1.3.0/stm32cubeide/plugins/com.st.stm32cube.ide.mcu.externaltools.gnu-tools-for-stm32.7-2018-q2-update.win32_1.0.0.201904181610/tools/bin/../lib/gcc/arm-none-eabi/7.3.1/thumb/v7e-m/crtn.o
                0x0000000020020000                _estack = (ORIGIN (RAM) + LENGTH (RAM))
                0x0000000000000200                _Min_Heap_Size = 0x200
                0x0000000000000400                _Min_Stack_Size = 0x400

.isr_vector     0x0000000008000000      0x1c4
                0x0000000008000000                . = ALIGN (0x4)
 *(.isr_vector)
 .isr_vector    0x0000000008000000      0x1c4 Startup/startup_stm32f446retx.o
                0x0000000008000000                g_pfnVectors
                0x00000000080001c4                . = ALIGN (0x4)

.text           0x00000000080001d0     0x23e0
                0x00000000080001d0                . = ALIGN (0x4)
 *(.text)
 .text          0x00000000080001d0       0x40 d:/st/stm32cubeide_1.3.0/stm32cubeide/plugins/com.st.stm32cube.ide.mcu.externaltools.gnu-tools-for-stm32.7-2018-q2-update.win32_1.0.0.201904181610/tools/bin/../lib/gcc/arm-none-eabi/7.3.1/thumb/v7e-m/crtbegin.o
 .text          0x0000000008000210       0x10 d:/st/stm32cubeide_1.3.0/stm32cubeide/plugins/com.st.stm32cube.ide.mcu.externaltools.gnu-tools-for-stm32.7-2018-q2-update.win32_1.0.0.201904181610/tools/bin/../lib/gcc/arm-none-eabi/7.3.1/../../../../arm-none-eabi/lib/thumb/v7e-m\libc_nano.a(lib_a-strlen.o)
                0x0000000008000210                strlen
 .text          0x0000000008000220       0xa0 d:/st/stm32cubeide_1.3.0/stm32cubeide/plugins/com.st.stm32cube.ide.mcu.externaltools.gnu-tools-for-stm32.7-2018-q2-update.win32_1.0.0.201904181610/tools/bin/../lib/gcc/arm-none-eabi/7.3.1/../../../../arm-none-eabi/lib/thumb/v7e-m\libc_nano.a(lib_a-memchr.o)
                0x0000000008000220                memchr
 *(.text*)
 .text.USART2_Init
                0x00000000080002c0       0x44 Src/014uartcase.o
                0x00000000080002c0                USART2_Init
 .text.USART2_GPIOInit
                0x0000000008000304       0x44 Src/014uartcase.o
                0x0000000008000304                USART2_GPIOInit
 .text.BtnGPIOInits
                0x0000000008000348       0x3c Src/014uartcase.o
                0x0000000008000348                BtnGPIOInits
 .text.delay    0x0000000008000384       0x28 Src/014uartcase.o
                0x0000000008000384                delay
 .text.main     0x00000000080003ac      0x108 Src/014uartcase.o
                0x00000000080003ac                main
 .text.USART2_IRQHandler
                0x00000000080004b4       0x14 Src/014uartcase.o
                0x00000000080004b4                USART2_IRQHandler
 .text.USART_ApplicationEventCallback
                0x00000000080004c8       0x28 Src/014uartcase.o
                0x00000000080004c8                USART_ApplicationEventCallback
 .text.ITM_SendChar
                0x00000000080004f0       0x4c Src/syscalls.o
                0x00000000080004f0                ITM_SendChar
 .text._read    0x000000000800053c       0x3a Src/syscalls.o
                0x000000000800053c                _read
 .text._write   0x0000000008000576       0x38 Src/syscalls.o
                0x0000000008000576                _write
 .text._close   0x00000000080005ae       0x16 Src/syscalls.o
                0x00000000080005ae                _close
 .text._fstat   0x00000000080005c4       0x1e Src/syscalls.o
                0x00000000080005c4                _fstat
 .text._isatty  0x00000000080005e2       0x14 Src/syscalls.o
                0x00000000080005e2                _isatty
 .text._lseek   0x00000000080005f6       0x18 Src/syscalls.o
                0x00000000080005f6                _lseek
 *fill*         0x000000000800060e        0x2 
 .text._sbrk    0x0000000008000610       0x58 Src/sysmem.o
                0x0000000008000610                _sbrk
 .text.Reset_Handler
                0x0000000008000668       0x50 Startup/startup_stm32f446retx.o
                0x0000000008000668                Reset_Handler
 .text.Default_Handler
                0x00000000080006b8        0x2 Startup/startup_stm32f446retx.o
                0x00000000080006b8                RTC_Alarm_IRQHandler
                0x00000000080006b8                EXTI2_IRQHandler
                0x00000000080006b8                TIM8_CC_IRQHandler
                0x00000000080006b8                SPDIF_Rx_IRQHandler
                0x00000000080006b8                DebugMon_Handler
                0x00000000080006b8                SPI4_IRQHandler
                0x00000000080006b8                TIM1_CC_IRQHandler
                0x00000000080006b8                QuadSPI_IRQHandler
                0x00000000080006b8                DMA2_Stream5_IRQHandler
                0x00000000080006b8                HardFault_Handler
                0x00000000080006b8                DMA1_Stream5_IRQHandler
                0x00000000080006b8                SysTick_Handler
                0x00000000080006b8                PVD_IRQHandler
                0x00000000080006b8                SDIO_IRQHandler
                0x00000000080006b8                TAMP_STAMP_IRQHandler
                0x00000000080006b8                PendSV_Handler
                0x00000000080006b8                NMI_Handler
                0x00000000080006b8                CAN2_RX1_IRQHandler
                0x00000000080006b8                EXTI3_IRQHandler
                0x00000000080006b8                TIM8_TRG_COM_TIM14_IRQHandler
                0x00000000080006b8                TIM1_UP_TIM10_IRQHandler
                0x00000000080006b8                FMPI2C1_error_IRQHandler
                0x00000000080006b8                TIM8_UP_TIM13_IRQHandler
                0x00000000080006b8                I2C3_ER_IRQHandler
                0x00000000080006b8                EXTI0_IRQHandler
                0x00000000080006b8                I2C2_EV_IRQHandler
                0x00000000080006b8                DMA1_Stream2_IRQHandler
                0x00000000080006b8                CAN1_RX0_IRQHandler
                0x00000000080006b8                FPU_IRQHandler
                0x00000000080006b8                OTG_HS_WKUP_IRQHandler
                0x00000000080006b8                UsageFault_Handler
                0x00000000080006b8                CAN2_SCE_IRQHandler
                0x00000000080006b8                DMA2_Stream2_IRQHandler
                0x00000000080006b8                SPI1_IRQHandler
                0x00000000080006b8                TIM6_DAC_IRQHandler
                0x00000000080006b8                TIM1_BRK_TIM9_IRQHandler
                0x00000000080006b8                DCMI_IRQHandler
                0x00000000080006b8                CAN2_RX0_IRQHandler
                0x00000000080006b8                DMA2_Stream3_IRQHandler
                0x00000000080006b8                FMPI2C1_IRQHandler
                0x00000000080006b8                SAI2_IRQHandler
                0x00000000080006b8                USART6_IRQHandler
                0x00000000080006b8                USART3_IRQHandler
                0x00000000080006b8                CAN1_RX1_IRQHandler
                0x00000000080006b8                UART5_IRQHandler
                0x00000000080006b8                DMA2_Stream0_IRQHandler
                0x00000000080006b8                TIM4_IRQHandler
                0x00000000080006b8                I2C1_EV_IRQHandler
                0x00000000080006b8                HDMI_CEC_IRQHandler
                0x00000000080006b8                DMA1_Stream6_IRQHandler
                0x00000000080006b8                DMA1_Stream1_IRQHandler
                0x00000000080006b8                UART4_IRQHandler
                0x00000000080006b8                TIM3_IRQHandler
                0x00000000080006b8                RCC_IRQHandler
                0x00000000080006b8                TIM8_BRK_TIM12_IRQHandler
                0x00000000080006b8                Default_Handler
                0x00000000080006b8                EXTI15_10_IRQHandler
                0x00000000080006b8                ADC_IRQHandler
                0x00000000080006b8                DMA1_Stream7_IRQHandler
                0x00000000080006b8                TIM7_IRQHandler
                0x00000000080006b8                CAN2_TX_IRQHandler
                0x00000000080006b8                TIM5_IRQHandler
                0x00000000080006b8                DMA2_Stream7_IRQHandler
                0x00000000080006b8                I2C3_EV_IRQHandler
                0x00000000080006b8                EXTI9_5_IRQHandler
                0x00000000080006b8                RTC_WKUP_IRQHandler
                0x00000000080006b8                SPI2_IRQHandler
                0x00000000080006b8                OTG_HS_EP1_IN_IRQHandler
                0x00000000080006b8                MemManage_Handler
                0x00000000080006b8                DMA1_Stream0_IRQHandler
                0x00000000080006b8                CAN1_TX_IRQHandler
                0x00000000080006b8                SVC_Handler
                0x00000000080006b8                EXTI4_IRQHandler
                0x00000000080006b8                OTG_HS_EP1_OUT_IRQHandler
                0x00000000080006b8                WWDG_IRQHandler
                0x00000000080006b8                TIM2_IRQHandler
                0x00000000080006b8                OTG_FS_WKUP_IRQHandler
                0x00000000080006b8                TIM1_TRG_COM_TIM11_IRQHandler
                0x00000000080006b8                OTG_HS_IRQHandler
                0x00000000080006b8                EXTI1_IRQHandler
                0x00000000080006b8                I2C2_ER_IRQHandler
                0x00000000080006b8                DMA2_Stream1_IRQHandler
                0x00000000080006b8                CAN1_SCE_IRQHandler
                0x00000000080006b8                FLASH_IRQHandler
                0x00000000080006b8                DMA2_Stream4_IRQHandler
                0x00000000080006b8                BusFault_Handler
                0x00000000080006b8                USART1_IRQHandler
                0x00000000080006b8                OTG_FS_IRQHandler
                0x00000000080006b8                SPI3_IRQHandler
                0x00000000080006b8                DMA1_Stream4_IRQHandler
                0x00000000080006b8                I2C1_ER_IRQHandler
                0x00000000080006b8                FMC_IRQHandler
                0x00000000080006b8                DMA2_Stream6_IRQHandler
                0x00000000080006b8                SAI1_IRQHandler
                0x00000000080006b8                DMA1_Stream3_IRQHandler
 *fill*         0x00000000080006ba        0x2 
 .text.GPIO_BASEADDR_TO_CODE
                0x00000000080006bc       0x84 drivers/Src/stm32f446re_gpio_driver.o
                0x00000000080006bc                GPIO_BASEADDR_TO_CODE
 .text.GPIO_PeriClockControl
                0x0000000008000740      0x1a0 drivers/Src/stm32f446re_gpio_driver.o
                0x0000000008000740                GPIO_PeriClockControl
 .text.GPIO_Init
                0x00000000080008e0      0x2c4 drivers/Src/stm32f446re_gpio_driver.o
                0x00000000080008e0                GPIO_Init
 .text.GPIO_ReadFromInputPin
                0x0000000008000ba4       0x2a drivers/Src/stm32f446re_gpio_driver.o
                0x0000000008000ba4                GPIO_ReadFromInputPin
 .text.RCCGetOutputClock
                0x0000000008000bce        0xe drivers/Src/stm32f446re_rcc_driver.o
                0x0000000008000bce                RCCGetOutputClock
 .text.RCC_GETPCLK1Value
                0x0000000008000bdc       0xb0 drivers/Src/stm32f446re_rcc_driver.o
                0x0000000008000bdc                RCC_GETPCLK1Value
 .text.RCC_GETPCLK2Value
                0x0000000008000c8c       0xa0 drivers/Src/stm32f446re_rcc_driver.o
                0x0000000008000c8c                RCC_GETPCLK2Value
 .text.USART_PeriClockControl
                0x0000000008000d2c      0x140 drivers/Src/stm32f446re_usart_driver.o
                0x0000000008000d2c                USART_PeriClockControl
 .text.USART_PeripheralControl
                0x0000000008000e6c       0x3c drivers/Src/stm32f446re_usart_driver.o
                0x0000000008000e6c                USART_PeripheralControl
 .text.USART_GetFlagStatus
                0x0000000008000ea8       0x2c drivers/Src/stm32f446re_usart_driver.o
                0x0000000008000ea8                USART_GetFlagStatus
 .text.USART_IRQInterruptConfig
                0x0000000008000ed4      0x1c0 drivers/Src/stm32f446re_usart_driver.o
                0x0000000008000ed4                USART_IRQInterruptConfig
 .text.USART_Init
                0x0000000008001094      0x106 drivers/Src/stm32f446re_usart_driver.o
                0x0000000008001094                USART_Init
 *fill*         0x000000000800119a        0x2 
 .text.USART_SetBaudRate
                0x000000000800119c       0xe4 drivers/Src/stm32f446re_usart_driver.o
                0x000000000800119c                USART_SetBaudRate
 .text.USART_SendData
                0x0000000008001280       0x9a drivers/Src/stm32f446re_usart_driver.o
                0x0000000008001280                USART_SendData
 .text.USART_ReceiveDataIT
                0x000000000800131a       0x4a drivers/Src/stm32f446re_usart_driver.o
                0x000000000800131a                USART_ReceiveDataIT
 .text.USART_IRQHandling
                0x0000000008001364      0x344 drivers/Src/stm32f446re_usart_driver.o
                0x0000000008001364                USART_IRQHandling
 .text.__errno  0x00000000080016a8        0xc d:/st/stm32cubeide_1.3.0/stm32cubeide/plugins/com.st.stm32cube.ide.mcu.externaltools.gnu-tools-for-stm32.7-2018-q2-update.win32_1.0.0.201904181610/tools/bin/../lib/gcc/arm-none-eabi/7.3.1/../../../../arm-none-eabi/lib/thumb/v7e-m\libc_nano.a(lib_a-errno.o)
                0x00000000080016a8                __errno
 .text.__libc_init_array
                0x00000000080016b4       0x48 d:/st/stm32cubeide_1.3.0/stm32cubeide/plugins/com.st.stm32cube.ide.mcu.externaltools.gnu-tools-for-stm32.7-2018-q2-update.win32_1.0.0.201904181610/tools/bin/../lib/gcc/arm-none-eabi/7.3.1/../../../../arm-none-eabi/lib/thumb/v7e-m\libc_nano.a(lib_a-init.o)
                0x00000000080016b4                __libc_init_array
 .text.memset   0x00000000080016fc       0x10 d:/st/stm32cubeide_1.3.0/stm32cubeide/plugins/com.st.stm32cube.ide.mcu.externaltools.gnu-tools-for-stm32.7-2018-q2-update.win32_1.0.0.201904181610/tools/bin/../lib/gcc/arm-none-eabi/7.3.1/../../../../arm-none-eabi/lib/thumb/v7e-m\libc_nano.a(lib_a-memset.o)
                0x00000000080016fc                memset
 .text.printf   0x000000000800170c       0x30 d:/st/stm32cubeide_1.3.0/stm32cubeide/plugins/com.st.stm32cube.ide.mcu.externaltools.gnu-tools-for-stm32.7-2018-q2-update.win32_1.0.0.201904181610/tools/bin/../lib/gcc/arm-none-eabi/7.3.1/../../../../arm-none-eabi/lib/thumb/v7e-m\libc_nano.a(lib_a-printf.o)
                0x000000000800170c                iprintf
                0x000000000800170c                printf
 .text._puts_r  0x000000000800173c       0xb8 d:/st/stm32cubeide_1.3.0/stm32cubeide/plugins/com.st.stm32cube.ide.mcu.externaltools.gnu-tools-for-stm32.7-2018-q2-update.win32_1.0.0.201904181610/tools/bin/../lib/gcc/arm-none-eabi/7.3.1/../../../../arm-none-eabi/lib/thumb/v7e-m\libc_nano.a(lib_a-puts.o)
                0x000000000800173c                _puts_r
 .text.puts     0x00000000080017f4       0x10 d:/st/stm32cubeide_1.3.0/stm32cubeide/plugins/com.st.stm32cube.ide.mcu.externaltools.gnu-tools-for-stm32.7-2018-q2-update.win32_1.0.0.201904181610/tools/bin/../lib/gcc/arm-none-eabi/7.3.1/../../../../arm-none-eabi/lib/thumb/v7e-m\libc_nano.a(lib_a-puts.o)
                0x00000000080017f4                puts
 .text.__swbuf_r
                0x0000000008001804       0xa4 d:/st/stm32cubeide_1.3.0/stm32cubeide/plugins/com.st.stm32cube.ide.mcu.externaltools.gnu-tools-for-stm32.7-2018-q2-update.win32_1.0.0.201904181610/tools/bin/../lib/gcc/arm-none-eabi/7.3.1/../../../../arm-none-eabi/lib/thumb/v7e-m\libc_nano.a(lib_a-wbuf.o)
                0x0000000008001804                __swbuf_r
 .text.__swsetup_r
                0x00000000080018a8       0xdc d:/st/stm32cubeide_1.3.0/stm32cubeide/plugins/com.st.stm32cube.ide.mcu.externaltools.gnu-tools-for-stm32.7-2018-q2-update.win32_1.0.0.201904181610/tools/bin/../lib/gcc/arm-none-eabi/7.3.1/../../../../arm-none-eabi/lib/thumb/v7e-m\libc_nano.a(lib_a-wsetup.o)
                0x00000000080018a8                __swsetup_r
 .text.__sflush_r
                0x0000000008001984      0x10c d:/st/stm32cubeide_1.3.0/stm32cubeide/plugins/com.st.stm32cube.ide.mcu.externaltools.gnu-tools-for-stm32.7-2018-q2-update.win32_1.0.0.201904181610/tools/bin/../lib/gcc/arm-none-eabi/7.3.1/../../../../arm-none-eabi/lib/thumb/v7e-m\libc_nano.a(lib_a-fflush.o)
                0x0000000008001984                __sflush_r
 .text._fflush_r
                0x0000000008001a90       0x54 d:/st/stm32cubeide_1.3.0/stm32cubeide/plugins/com.st.stm32cube.ide.mcu.externaltools.gnu-tools-for-stm32.7-2018-q2-update.win32_1.0.0.201904181610/tools/bin/../lib/gcc/arm-none-eabi/7.3.1/../../../../arm-none-eabi/lib/thumb/v7e-m\libc_nano.a(lib_a-fflush.o)
                0x0000000008001a90                _fflush_r
 .text.std      0x0000000008001ae4       0x48 d:/st/stm32cubeide_1.3.0/stm32cubeide/plugins/com.st.stm32cube.ide.mcu.externaltools.gnu-tools-for-stm32.7-2018-q2-update.win32_1.0.0.201904181610/tools/bin/../lib/gcc/arm-none-eabi/7.3.1/../../../../arm-none-eabi/lib/thumb/v7e-m\libc_nano.a(lib_a-findfp.o)
 .text._cleanup_r
                0x0000000008001b2c        0xc d:/st/stm32cubeide_1.3.0/stm32cubeide/plugins/com.st.stm32cube.ide.mcu.externaltools.gnu-tools-for-stm32.7-2018-q2-update.win32_1.0.0.201904181610/tools/bin/../lib/gcc/arm-none-eabi/7.3.1/../../../../arm-none-eabi/lib/thumb/v7e-m\libc_nano.a(lib_a-findfp.o)
                0x0000000008001b2c                _cleanup_r
 .text.__sfmoreglue
                0x0000000008001b38       0x2c d:/st/stm32cubeide_1.3.0/stm32cubeide/plugins/com.st.stm32cube.ide.mcu.externaltools.gnu-tools-for-stm32.7-2018-q2-update.win32_1.0.0.201904181610/tools/bin/../lib/gcc/arm-none-eabi/7.3.1/../../../../arm-none-eabi/lib/thumb/v7e-m\libc_nano.a(lib_a-findfp.o)
                0x0000000008001b38                __sfmoreglue
 .text.__sinit  0x0000000008001b64       0x60 d:/st/stm32cubeide_1.3.0/stm32cubeide/plugins/com.st.stm32cube.ide.mcu.externaltools.gnu-tools-for-stm32.7-2018-q2-update.win32_1.0.0.201904181610/tools/bin/../lib/gcc/arm-none-eabi/7.3.1/../../../../arm-none-eabi/lib/thumb/v7e-m\libc_nano.a(lib_a-findfp.o)
                0x0000000008001b64                __sinit
 .text.__sfp    0x0000000008001bc4       0x78 d:/st/stm32cubeide_1.3.0/stm32cubeide/plugins/com.st.stm32cube.ide.mcu.externaltools.gnu-tools-for-stm32.7-2018-q2-update.win32_1.0.0.201904181610/tools/bin/../lib/gcc/arm-none-eabi/7.3.1/../../../../arm-none-eabi/lib/thumb/v7e-m\libc_nano.a(lib_a-findfp.o)
                0x0000000008001bc4                __sfp
 .text._fwalk_reent
                0x0000000008001c3c       0x3c d:/st/stm32cubeide_1.3.0/stm32cubeide/plugins/com.st.stm32cube.ide.mcu.externaltools.gnu-tools-for-stm32.7-2018-q2-update.win32_1.0.0.201904181610/tools/bin/../lib/gcc/arm-none-eabi/7.3.1/../../../../arm-none-eabi/lib/thumb/v7e-m\libc_nano.a(lib_a-fwalk.o)
                0x0000000008001c3c                _fwalk_reent
 .text.__swhatbuf_r
                0x0000000008001c78       0x48 d:/st/stm32cubeide_1.3.0/stm32cubeide/plugins/com.st.stm32cube.ide.mcu.externaltools.gnu-tools-for-stm32.7-2018-q2-update.win32_1.0.0.201904181610/tools/bin/../lib/gcc/arm-none-eabi/7.3.1/../../../../arm-none-eabi/lib/thumb/v7e-m\libc_nano.a(lib_a-makebuf.o)
                0x0000000008001c78                __swhatbuf_r
 .text.__smakebuf_r
                0x0000000008001cc0       0x80 d:/st/stm32cubeide_1.3.0/stm32cubeide/plugins/com.st.stm32cube.ide.mcu.externaltools.gnu-tools-for-stm32.7-2018-q2-update.win32_1.0.0.201904181610/tools/bin/../lib/gcc/arm-none-eabi/7.3.1/../../../../arm-none-eabi/lib/thumb/v7e-m\libc_nano.a(lib_a-makebuf.o)
                0x0000000008001cc0                __smakebuf_r
 .text._free_r  0x0000000008001d40       0x9c d:/st/stm32cubeide_1.3.0/stm32cubeide/plugins/com.st.stm32cube.ide.mcu.externaltools.gnu-tools-for-stm32.7-2018-q2-update.win32_1.0.0.201904181610/tools/bin/../lib/gcc/arm-none-eabi/7.3.1/../../../../arm-none-eabi/lib/thumb/v7e-m\libc_nano.a(lib_a-nano-freer.o)
                0x0000000008001d40                _free_r
 .text._malloc_r
                0x0000000008001ddc       0xb4 d:/st/stm32cubeide_1.3.0/stm32cubeide/plugins/com.st.stm32cube.ide.mcu.externaltools.gnu-tools-for-stm32.7-2018-q2-update.win32_1.0.0.201904181610/tools/bin/../lib/gcc/arm-none-eabi/7.3.1/../../../../arm-none-eabi/lib/thumb/v7e-m\libc_nano.a(lib_a-nano-mallocr.o)
                0x0000000008001ddc                _malloc_r
 .text.__sfputc_r
                0x0000000008001e90       0x2a d:/st/stm32cubeide_1.3.0/stm32cubeide/plugins/com.st.stm32cube.ide.mcu.externaltools.gnu-tools-for-stm32.7-2018-q2-update.win32_1.0.0.201904181610/tools/bin/../lib/gcc/arm-none-eabi/7.3.1/../../../../arm-none-eabi/lib/thumb/v7e-m\libc_nano.a(lib_a-nano-vfprintf.o)
 .text.__sfputs_r
                0x0000000008001eba       0x24 d:/st/stm32cubeide_1.3.0/stm32cubeide/plugins/com.st.stm32cube.ide.mcu.externaltools.gnu-tools-for-stm32.7-2018-q2-update.win32_1.0.0.201904181610/tools/bin/../lib/gcc/arm-none-eabi/7.3.1/../../../../arm-none-eabi/lib/thumb/v7e-m\libc_nano.a(lib_a-nano-vfprintf.o)
                0x0000000008001eba                __sfputs_r
 *fill*         0x0000000008001ede        0x2 
 .text._vfprintf_r
                0x0000000008001ee0      0x22c d:/st/stm32cubeide_1.3.0/stm32cubeide/plugins/com.st.stm32cube.ide.mcu.externaltools.gnu-tools-for-stm32.7-2018-q2-update.win32_1.0.0.201904181610/tools/bin/../lib/gcc/arm-none-eabi/7.3.1/../../../../arm-none-eabi/lib/thumb/v7e-m\libc_nano.a(lib_a-nano-vfprintf.o)
                0x0000000008001ee0                _vfprintf_r
                0x0000000008001ee0                _vfiprintf_r
 .text._printf_common
                0x000000000800210c       0xea d:/st/stm32cubeide_1.3.0/stm32cubeide/plugins/com.st.stm32cube.ide.mcu.externaltools.gnu-tools-for-stm32.7-2018-q2-update.win32_1.0.0.201904181610/tools/bin/../lib/gcc/arm-none-eabi/7.3.1/../../../../arm-none-eabi/lib/thumb/v7e-m\libc_nano.a(lib_a-nano-vfprintf_i.o)
                0x000000000800210c                _printf_common
 *fill*         0x00000000080021f6        0x2 
 .text._printf_i
                0x00000000080021f8      0x224 d:/st/stm32cubeide_1.3.0/stm32cubeide/plugins/com.st.stm32cube.ide.mcu.externaltools.gnu-tools-for-stm32.7-2018-q2-update.win32_1.0.0.201904181610/tools/bin/../lib/gcc/arm-none-eabi/7.3.1/../../../../arm-none-eabi/lib/thumb/v7e-m\libc_nano.a(lib_a-nano-vfprintf_i.o)
                0x00000000080021f8                _printf_i
 .text._sbrk_r  0x000000000800241c       0x20 d:/st/stm32cubeide_1.3.0/stm32cubeide/plugins/com.st.stm32cube.ide.mcu.externaltools.gnu-tools-for-stm32.7-2018-q2-update.win32_1.0.0.201904181610/tools/bin/../lib/gcc/arm-none-eabi/7.3.1/../../../../arm-none-eabi/lib/thumb/v7e-m\libc_nano.a(lib_a-sbrkr.o)
                0x000000000800241c                _sbrk_r
 .text.__sread  0x000000000800243c       0x22 d:/st/stm32cubeide_1.3.0/stm32cubeide/plugins/com.st.stm32cube.ide.mcu.externaltools.gnu-tools-for-stm32.7-2018-q2-update.win32_1.0.0.201904181610/tools/bin/../lib/gcc/arm-none-eabi/7.3.1/../../../../arm-none-eabi/lib/thumb/v7e-m\libc_nano.a(lib_a-stdio.o)
                0x000000000800243c                __sread
 .text.__swrite
                0x000000000800245e       0x38 d:/st/stm32cubeide_1.3.0/stm32cubeide/plugins/com.st.stm32cube.ide.mcu.externaltools.gnu-tools-for-stm32.7-2018-q2-update.win32_1.0.0.201904181610/tools/bin/../lib/gcc/arm-none-eabi/7.3.1/../../../../arm-none-eabi/lib/thumb/v7e-m\libc_nano.a(lib_a-stdio.o)
                0x000000000800245e                __swrite
 .text.__sseek  0x0000000008002496       0x24 d:/st/stm32cubeide_1.3.0/stm32cubeide/plugins/com.st.stm32cube.ide.mcu.externaltools.gnu-tools-for-stm32.7-2018-q2-update.win32_1.0.0.201904181610/tools/bin/../lib/gcc/arm-none-eabi/7.3.1/../../../../arm-none-eabi/lib/thumb/v7e-m\libc_nano.a(lib_a-stdio.o)
                0x0000000008002496                __sseek
 .text.__sclose
                0x00000000080024ba        0x8 d:/st/stm32cubeide_1.3.0/stm32cubeide/plugins/com.st.stm32cube.ide.mcu.externaltools.gnu-tools-for-stm32.7-2018-q2-update.win32_1.0.0.201904181610/tools/bin/../lib/gcc/arm-none-eabi/7.3.1/../../../../arm-none-eabi/lib/thumb/v7e-m\libc_nano.a(lib_a-stdio.o)
                0x00000000080024ba                __sclose
 *fill*         0x00000000080024c2        0x2 
 .text._write_r
                0x00000000080024c4       0x24 d:/st/stm32cubeide_1.3.0/stm32cubeide/plugins/com.st.stm32cube.ide.mcu.externaltools.gnu-tools-for-stm32.7-2018-q2-update.win32_1.0.0.201904181610/tools/bin/../lib/gcc/arm-none-eabi/7.3.1/../../../../arm-none-eabi/lib/thumb/v7e-m\libc_nano.a(lib_a-writer.o)
                0x00000000080024c4                _write_r
 .text._close_r
                0x00000000080024e8       0x20 d:/st/stm32cubeide_1.3.0/stm32cubeide/plugins/com.st.stm32cube.ide.mcu.externaltools.gnu-tools-for-stm32.7-2018-q2-update.win32_1.0.0.201904181610/tools/bin/../lib/gcc/arm-none-eabi/7.3.1/../../../../arm-none-eabi/lib/thumb/v7e-m\libc_nano.a(lib_a-closer.o)
                0x00000000080024e8                _close_r
 .text._fstat_r
                0x0000000008002508       0x24 d:/st/stm32cubeide_1.3.0/stm32cubeide/plugins/com.st.stm32cube.ide.mcu.externaltools.gnu-tools-for-stm32.7-2018-q2-update.win32_1.0.0.201904181610/tools/bin/../lib/gcc/arm-none-eabi/7.3.1/../../../../arm-none-eabi/lib/thumb/v7e-m\libc_nano.a(lib_a-fstatr.o)
                0x0000000008002508                _fstat_r
 .text._isatty_r
                0x000000000800252c       0x20 d:/st/stm32cubeide_1.3.0/stm32cubeide/plugins/com.st.stm32cube.ide.mcu.externaltools.gnu-tools-for-stm32.7-2018-q2-update.win32_1.0.0.201904181610/tools/bin/../lib/gcc/arm-none-eabi/7.3.1/../../../../arm-none-eabi/lib/thumb/v7e-m\libc_nano.a(lib_a-isattyr.o)
                0x000000000800252c                _isatty_r
 .text._lseek_r
                0x000000000800254c       0x24 d:/st/stm32cubeide_1.3.0/stm32cubeide/plugins/com.st.stm32cube.ide.mcu.externaltools.gnu-tools-for-stm32.7-2018-q2-update.win32_1.0.0.201904181610/tools/bin/../lib/gcc/arm-none-eabi/7.3.1/../../../../arm-none-eabi/lib/thumb/v7e-m\libc_nano.a(lib_a-lseekr.o)
                0x000000000800254c                _lseek_r
 .text.__malloc_lock
                0x0000000008002570        0x2 d:/st/stm32cubeide_1.3.0/stm32cubeide/plugins/com.st.stm32cube.ide.mcu.externaltools.gnu-tools-for-stm32.7-2018-q2-update.win32_1.0.0.201904181610/tools/bin/../lib/gcc/arm-none-eabi/7.3.1/../../../../arm-none-eabi/lib/thumb/v7e-m\libc_nano.a(lib_a-mlock.o)
                0x0000000008002570                __malloc_lock
 .text.__malloc_unlock
                0x0000000008002572        0x2 d:/st/stm32cubeide_1.3.0/stm32cubeide/plugins/com.st.stm32cube.ide.mcu.externaltools.gnu-tools-for-stm32.7-2018-q2-update.win32_1.0.0.201904181610/tools/bin/../lib/gcc/arm-none-eabi/7.3.1/../../../../arm-none-eabi/lib/thumb/v7e-m\libc_nano.a(lib_a-mlock.o)
                0x0000000008002572                __malloc_unlock
 .text._read_r  0x0000000008002574       0x24 d:/st/stm32cubeide_1.3.0/stm32cubeide/plugins/com.st.stm32cube.ide.mcu.externaltools.gnu-tools-for-stm32.7-2018-q2-update.win32_1.0.0.201904181610/tools/bin/../lib/gcc/arm-none-eabi/7.3.1/../../../../arm-none-eabi/lib/thumb/v7e-m\libc_nano.a(lib_a-readr.o)
                0x0000000008002574                _read_r
 *(.glue_7)
 .glue_7        0x0000000008002598        0x0 linker stubs
 *(.glue_7t)
 .glue_7t       0x0000000008002598        0x0 linker stubs
 *(.eh_frame)
 .eh_frame      0x0000000008002598        0x0 d:/st/stm32cubeide_1.3.0/stm32cubeide/plugins/com.st.stm32cube.ide.mcu.externaltools.gnu-tools-for-stm32.7-2018-q2-update.win32_1.0.0.201904181610/tools/bin/../lib/gcc/arm-none-eabi/7.3.1/thumb/v7e-m/crtbegin.o
 *(.init)
 .init          0x0000000008002598        0x4 d:/st/stm32cubeide_1.3.0/stm32cubeide/plugins/com.st.stm32cube.ide.mcu.externaltools.gnu-tools-for-stm32.7-2018-q2-update.win32_1.0.0.201904181610/tools/bin/../lib/gcc/arm-none-eabi/7.3.1/thumb/v7e-m/crti.o
                0x0000000008002598                _init
 .init          0x000000000800259c        0x8 d:/st/stm32cubeide_1.3.0/stm32cubeide/plugins/com.st.stm32cube.ide.mcu.externaltools.gnu-tools-for-stm32.7-2018-q2-update.win32_1.0.0.201904181610/tools/bin/../lib/gcc/arm-none-eabi/7.3.1/thumb/v7e-m/crtn.o
 *(.fini)
 .fini          0x00000000080025a4        0x4 d:/st/stm32cubeide_1.3.0/stm32cubeide/plugins/com.st.stm32cube.ide.mcu.externaltools.gnu-tools-for-stm32.7-2018-q2-update.win32_1.0.0.201904181610/tools/bin/../lib/gcc/arm-none-eabi/7.3.1/thumb/v7e-m/crti.o
                0x00000000080025a4                _fini
 .fini          0x00000000080025a8        0x8 d:/st/stm32cubeide_1.3.0/stm32cubeide/plugins/com.st.stm32cube.ide.mcu.externaltools.gnu-tools-for-stm32.7-2018-q2-update.win32_1.0.0.201904181610/tools/bin/../lib/gcc/arm-none-eabi/7.3.1/thumb/v7e-m/crtn.o
                0x00000000080025b0                . = ALIGN (0x4)
                0x00000000080025b0                _etext = .

.vfp11_veneer   0x00000000080025b0        0x0
 .vfp11_veneer  0x00000000080025b0        0x0 linker stubs

.v4_bx          0x00000000080025b0        0x0
 .v4_bx         0x00000000080025b0        0x0 linker stubs

.iplt           0x00000000080025b0        0x0
 .iplt          0x00000000080025b0        0x0 d:/st/stm32cubeide_1.3.0/stm32cubeide/plugins/com.st.stm32cube.ide.mcu.externaltools.gnu-tools-for-stm32.7-2018-q2-update.win32_1.0.0.201904181610/tools/bin/../lib/gcc/arm-none-eabi/7.3.1/thumb/v7e-m/crtbegin.o

.rodata         0x00000000080025b0      0x110
                0x00000000080025b0                . = ALIGN (0x4)
 *(.rodata)
 .rodata        0x00000000080025b0       0x76 Src/014uartcase.o
 *(.rodata*)
 *fill*         0x0000000008002626        0x2 
 .rodata._global_impure_ptr
                0x0000000008002628        0x4 d:/st/stm32cubeide_1.3.0/stm32cubeide/plugins/com.st.stm32cube.ide.mcu.externaltools.gnu-tools-for-stm32.7-2018-q2-update.win32_1.0.0.201904181610/tools/bin/../lib/gcc/arm-none-eabi/7.3.1/../../../../arm-none-eabi/lib/thumb/v7e-m\libc_nano.a(lib_a-impure.o)
                0x0000000008002628                _global_impure_ptr
 .rodata.__sf_fake_stderr
                0x000000000800262c       0x20 d:/st/stm32cubeide_1.3.0/stm32cubeide/plugins/com.st.stm32cube.ide.mcu.externaltools.gnu-tools-for-stm32.7-2018-q2-update.win32_1.0.0.201904181610/tools/bin/../lib/gcc/arm-none-eabi/7.3.1/../../../../arm-none-eabi/lib/thumb/v7e-m\libc_nano.a(lib_a-findfp.o)
                0x000000000800262c                __sf_fake_stderr
 .rodata.__sf_fake_stdin
                0x000000000800264c       0x20 d:/st/stm32cubeide_1.3.0/stm32cubeide/plugins/com.st.stm32cube.ide.mcu.externaltools.gnu-tools-for-stm32.7-2018-q2-update.win32_1.0.0.201904181610/tools/bin/../lib/gcc/arm-none-eabi/7.3.1/../../../../arm-none-eabi/lib/thumb/v7e-m\libc_nano.a(lib_a-findfp.o)
                0x000000000800264c                __sf_fake_stdin
 .rodata.__sf_fake_stdout
                0x000000000800266c       0x20 d:/st/stm32cubeide_1.3.0/stm32cubeide/plugins/com.st.stm32cube.ide.mcu.externaltools.gnu-tools-for-stm32.7-2018-q2-update.win32_1.0.0.201904181610/tools/bin/../lib/gcc/arm-none-eabi/7.3.1/../../../../arm-none-eabi/lib/thumb/v7e-m\libc_nano.a(lib_a-findfp.o)
                0x000000000800266c                __sf_fake_stdout
 .rodata._vfprintf_r.str1.1
                0x000000000800268c       0x11 d:/st/stm32cubeide_1.3.0/stm32cubeide/plugins/com.st.stm32cube.ide.mcu.externaltools.gnu-tools-for-stm32.7-2018-q2-update.win32_1.0.0.201904181610/tools/bin/../lib/gcc/arm-none-eabi/7.3.1/../../../../arm-none-eabi/lib/thumb/v7e-m\libc_nano.a(lib_a-nano-vfprintf.o)
 .rodata._printf_i.str1.1
                0x000000000800269d       0x22 d:/st/stm32cubeide_1.3.0/stm32cubeide/plugins/com.st.stm32cube.ide.mcu.externaltools.gnu-tools-for-stm32.7-2018-q2-update.win32_1.0.0.201904181610/tools/bin/../lib/gcc/arm-none-eabi/7.3.1/../../../../arm-none-eabi/lib/thumb/v7e-m\libc_nano.a(lib_a-nano-vfprintf_i.o)
                0x00000000080026c0                . = ALIGN (0x4)
 *fill*         0x00000000080026bf        0x1 

.rel.dyn        0x00000000080026c0        0x0
 .rel.iplt      0x00000000080026c0        0x0 d:/st/stm32cubeide_1.3.0/stm32cubeide/plugins/com.st.stm32cube.ide.mcu.externaltools.gnu-tools-for-stm32.7-2018-q2-update.win32_1.0.0.201904181610/tools/bin/../lib/gcc/arm-none-eabi/7.3.1/thumb/v7e-m/crtbegin.o

.ARM.extab      0x00000000080026c0        0x0
                0x00000000080026c0                . = ALIGN (0x4)
 *(.ARM.extab* .gnu.linkonce.armextab.*)
                0x00000000080026c0                . = ALIGN (0x4)

.ARM            0x00000000080026c0        0x0
                0x00000000080026c0                . = ALIGN (0x4)
                0x00000000080026c0                __exidx_start = .
 *(.ARM.exidx*)
                0x00000000080026c0                __exidx_end = .
                0x00000000080026c0                . = ALIGN (0x4)

.preinit_array  0x00000000080026c0        0x0
                0x00000000080026c0                . = ALIGN (0x4)
                0x00000000080026c0                PROVIDE (__preinit_array_start = .)
 *(.preinit_array*)
                0x00000000080026c0                PROVIDE (__preinit_array_end = .)
                0x00000000080026c0                . = ALIGN (0x4)

.init_array     0x00000000080026c0        0x4
                0x00000000080026c0                . = ALIGN (0x4)
                0x00000000080026c0                PROVIDE (__init_array_start = .)
 *(SORT_BY_NAME(.init_array.*))
 *(.init_array*)
 .init_array    0x00000000080026c0        0x4 d:/st/stm32cubeide_1.3.0/stm32cubeide/plugins/com.st.stm32cube.ide.mcu.externaltools.gnu-tools-for-stm32.7-2018-q2-update.win32_1.0.0.201904181610/tools/bin/../lib/gcc/arm-none-eabi/7.3.1/thumb/v7e-m/crtbegin.o
                0x00000000080026c4                PROVIDE (__init_array_end = .)
                0x00000000080026c4                . = ALIGN (0x4)

.fini_array     0x00000000080026c4        0x4
                0x00000000080026c4                . = ALIGN (0x4)
                [!provide]                        PROVIDE (__fini_array_start = .)
 *(SORT_BY_NAME(.fini_array.*))
 *(.fini_array*)
 .fini_array    0x00000000080026c4        0x4 d:/st/stm32cubeide_1.3.0/stm32cubeide/plugins/com.st.stm32cube.ide.mcu.externaltools.gnu-tools-for-stm32.7-2018-q2-update.win32_1.0.0.201904181610/tools/bin/../lib/gcc/arm-none-eabi/7.3.1/thumb/v7e-m/crtbegin.o
                [!provide]                        PROVIDE (__fini_array_end = .)
                0x00000000080026c8                . = ALIGN (0x4)
                0x00000000080026c8                _sidata = LOADADDR (.data)

.data           0x0000000020000000       0x84 load address 0x00000000080026c8
                0x0000000020000000                . = ALIGN (0x4)
                0x0000000020000000                _sdata = .
 *(.data)
 *(.data*)
 .data.msg      0x0000000020000000        0xc Src/014uartcase.o
                0x0000000020000000                msg
 .data.AHB_PreScaler
                0x000000002000000c       0x10 drivers/Src/stm32f446re_rcc_driver.o
                0x000000002000000c                AHB_PreScaler
 .data.APB1_PreScaler
                0x000000002000001c        0x4 drivers/Src/stm32f446re_rcc_driver.o
                0x000000002000001c                APB1_PreScaler
 .data._impure_ptr
                0x0000000020000020        0x4 d:/st/stm32cubeide_1.3.0/stm32cubeide/plugins/com.st.stm32cube.ide.mcu.externaltools.gnu-tools-for-stm32.7-2018-q2-update.win32_1.0.0.201904181610/tools/bin/../lib/gcc/arm-none-eabi/7.3.1/../../../../arm-none-eabi/lib/thumb/v7e-m\libc_nano.a(lib_a-impure.o)
                0x0000000020000020                _impure_ptr
 .data.impure_data
                0x0000000020000024       0x60 d:/st/stm32cubeide_1.3.0/stm32cubeide/plugins/com.st.stm32cube.ide.mcu.externaltools.gnu-tools-for-stm32.7-2018-q2-update.win32_1.0.0.201904181610/tools/bin/../lib/gcc/arm-none-eabi/7.3.1/../../../../arm-none-eabi/lib/thumb/v7e-m\libc_nano.a(lib_a-impure.o)
                0x0000000020000084                . = ALIGN (0x4)
                0x0000000020000084                _edata = .

.igot.plt       0x0000000020000084        0x0 load address 0x000000000800274c
 .igot.plt      0x0000000020000084        0x0 d:/st/stm32cubeide_1.3.0/stm32cubeide/plugins/com.st.stm32cube.ide.mcu.externaltools.gnu-tools-for-stm32.7-2018-q2-update.win32_1.0.0.201904181610/tools/bin/../lib/gcc/arm-none-eabi/7.3.1/thumb/v7e-m/crtbegin.o
                0x0000000020000084                . = ALIGN (0x4)

.bss            0x0000000020000084      0x454 load address 0x000000000800274c
                0x0000000020000084                _sbss = .
                0x0000000020000084                __bss_start__ = _sbss
 *(.bss)
 .bss           0x0000000020000084       0x1c d:/st/stm32cubeide_1.3.0/stm32cubeide/plugins/com.st.stm32cube.ide.mcu.externaltools.gnu-tools-for-stm32.7-2018-q2-update.win32_1.0.0.201904181610/tools/bin/../lib/gcc/arm-none-eabi/7.3.1/thumb/v7e-m/crtbegin.o
 *(.bss*)
 .bss.rxCmplt   0x00000000200000a0        0x1 Src/014uartcase.o
                0x00000000200000a0                rxCmplt
 *fill*         0x00000000200000a1        0x3 
 .bss.heap_end.5149
                0x00000000200000a4        0x4 Src/sysmem.o
 .bss.__malloc_free_list
                0x00000000200000a8        0x4 d:/st/stm32cubeide_1.3.0/stm32cubeide/plugins/com.st.stm32cube.ide.mcu.externaltools.gnu-tools-for-stm32.7-2018-q2-update.win32_1.0.0.201904181610/tools/bin/../lib/gcc/arm-none-eabi/7.3.1/../../../../arm-none-eabi/lib/thumb/v7e-m\libc_nano.a(lib_a-nano-mallocr.o)
                0x00000000200000a8                __malloc_free_list
 .bss.__malloc_sbrk_start
                0x00000000200000ac        0x4 d:/st/stm32cubeide_1.3.0/stm32cubeide/plugins/com.st.stm32cube.ide.mcu.externaltools.gnu-tools-for-stm32.7-2018-q2-update.win32_1.0.0.201904181610/tools/bin/../lib/gcc/arm-none-eabi/7.3.1/../../../../arm-none-eabi/lib/thumb/v7e-m\libc_nano.a(lib_a-nano-mallocr.o)
                0x00000000200000ac                __malloc_sbrk_start
 *(COMMON)
 COMMON         0x00000000200000b0      0x424 Src/014uartcase.o
                0x00000000200000b0                usart2_handle
                0x00000000200000d4                rx_buf
 COMMON         0x00000000200004d4        0x4 d:/st/stm32cubeide_1.3.0/stm32cubeide/plugins/com.st.stm32cube.ide.mcu.externaltools.gnu-tools-for-stm32.7-2018-q2-update.win32_1.0.0.201904181610/tools/bin/../lib/gcc/arm-none-eabi/7.3.1/../../../../arm-none-eabi/lib/thumb/v7e-m\libc_nano.a(lib_a-reent.o)
                0x00000000200004d4                errno
                0x00000000200004d8                . = ALIGN (0x4)
                0x00000000200004d8                _ebss = .
                0x00000000200004d8                __bss_end__ = _ebss

._user_heap_stack
                0x00000000200004d8      0x600 load address 0x000000000800274c
                0x00000000200004d8                . = ALIGN (0x8)
                0x00000000200004d8                PROVIDE (end = .)
                [!provide]                        PROVIDE (_end = .)
                0x00000000200006d8                . = (. + _Min_Heap_Size)
 *fill*         0x00000000200004d8      0x200 
                0x0000000020000ad8                . = (. + _Min_Stack_Size)
 *fill*         0x00000000200006d8      0x400 
                0x0000000020000ad8                . = ALIGN (0x8)

/DISCARD/
 libc.a(*)
 libm.a(*)
 libgcc.a(*)

.ARM.attributes
                0x0000000000000000       0x2a
 *(.ARM.attributes)
 .ARM.attributes
                0x0000000000000000       0x1e d:/st/stm32cubeide_1.3.0/stm32cubeide/plugins/com.st.stm32cube.ide.mcu.externaltools.gnu-tools-for-stm32.7-2018-q2-update.win32_1.0.0.201904181610/tools/bin/../lib/gcc/arm-none-eabi/7.3.1/thumb/v7e-m/crti.o
 .ARM.attributes
                0x000000000000001e       0x2e d:/st/stm32cubeide_1.3.0/stm32cubeide/plugins/com.st.stm32cube.ide.mcu.externaltools.gnu-tools-for-stm32.7-2018-q2-update.win32_1.0.0.201904181610/tools/bin/../lib/gcc/arm-none-eabi/7.3.1/thumb/v7e-m/crtbegin.o
 .ARM.attributes
                0x000000000000004c       0x33 Src/014uartcase.o
 .ARM.attributes
                0x000000000000007f       0x33 Src/syscalls.o
 .ARM.attributes
                0x00000000000000b2       0x33 Src/sysmem.o
 .ARM.attributes
                0x00000000000000e5       0x21 Startup/startup_stm32f446retx.o
 .ARM.attributes
                0x0000000000000106       0x33 drivers/Src/stm32f446re_gpio_driver.o
 .ARM.attributes
                0x0000000000000139       0x33 drivers/Src/stm32f446re_rcc_driver.o
 .ARM.attributes
                0x000000000000016c       0x33 drivers/Src/stm32f446re_usart_driver.o
 .ARM.attributes
                0x000000000000019f       0x2e d:/st/stm32cubeide_1.3.0/stm32cubeide/plugins/com.st.stm32cube.ide.mcu.externaltools.gnu-tools-for-stm32.7-2018-q2-update.win32_1.0.0.201904181610/tools/bin/../lib/gcc/arm-none-eabi/7.3.1/../../../../arm-none-eabi/lib/thumb/v7e-m\libc_nano.a(lib_a-errno.o)
 .ARM.attributes
                0x00000000000001cd       0x2e d:/st/stm32cubeide_1.3.0/stm32cubeide/plugins/com.st.stm32cube.ide.mcu.externaltools.gnu-tools-for-stm32.7-2018-q2-update.win32_1.0.0.201904181610/tools/bin/../lib/gcc/arm-none-eabi/7.3.1/../../../../arm-none-eabi/lib/thumb/v7e-m\libc_nano.a(lib_a-impure.o)
 .ARM.attributes
                0x00000000000001fb       0x2e d:/st/stm32cubeide_1.3.0/stm32cubeide/plugins/com.st.stm32cube.ide.mcu.externaltools.gnu-tools-for-stm32.7-2018-q2-update.win32_1.0.0.201904181610/tools/bin/../lib/gcc/arm-none-eabi/7.3.1/../../../../arm-none-eabi/lib/thumb/v7e-m\libc_nano.a(lib_a-init.o)
 .ARM.attributes
                0x0000000000000229       0x2e d:/st/stm32cubeide_1.3.0/stm32cubeide/plugins/com.st.stm32cube.ide.mcu.externaltools.gnu-tools-for-stm32.7-2018-q2-update.win32_1.0.0.201904181610/tools/bin/../lib/gcc/arm-none-eabi/7.3.1/../../../../arm-none-eabi/lib/thumb/v7e-m\libc_nano.a(lib_a-memset.o)
 .ARM.attributes
                0x0000000000000257       0x2e d:/st/stm32cubeide_1.3.0/stm32cubeide/plugins/com.st.stm32cube.ide.mcu.externaltools.gnu-tools-for-stm32.7-2018-q2-update.win32_1.0.0.201904181610/tools/bin/../lib/gcc/arm-none-eabi/7.3.1/../../../../arm-none-eabi/lib/thumb/v7e-m\libc_nano.a(lib_a-printf.o)
 .ARM.attributes
                0x0000000000000285       0x2e d:/st/stm32cubeide_1.3.0/stm32cubeide/plugins/com.st.stm32cube.ide.mcu.externaltools.gnu-tools-for-stm32.7-2018-q2-update.win32_1.0.0.201904181610/tools/bin/../lib/gcc/arm-none-eabi/7.3.1/../../../../arm-none-eabi/lib/thumb/v7e-m\libc_nano.a(lib_a-puts.o)
 .ARM.attributes
                0x00000000000002b3       0x17 d:/st/stm32cubeide_1.3.0/stm32cubeide/plugins/com.st.stm32cube.ide.mcu.externaltools.gnu-tools-for-stm32.7-2018-q2-update.win32_1.0.0.201904181610/tools/bin/../lib/gcc/arm-none-eabi/7.3.1/../../../../arm-none-eabi/lib/thumb/v7e-m\libc_nano.a(lib_a-strlen.o)
 .ARM.attributes
                0x00000000000002ca       0x2e d:/st/stm32cubeide_1.3.0/stm32cubeide/plugins/com.st.stm32cube.ide.mcu.externaltools.gnu-tools-for-stm32.7-2018-q2-update.win32_1.0.0.201904181610/tools/bin/../lib/gcc/arm-none-eabi/7.3.1/../../../../arm-none-eabi/lib/thumb/v7e-m\libc_nano.a(lib_a-wbuf.o)
 .ARM.attributes
                0x00000000000002f8       0x2e d:/st/stm32cubeide_1.3.0/stm32cubeide/plugins/com.st.stm32cube.ide.mcu.externaltools.gnu-tools-for-stm32.7-2018-q2-update.win32_1.0.0.201904181610/tools/bin/../lib/gcc/arm-none-eabi/7.3.1/../../../../arm-none-eabi/lib/thumb/v7e-m\libc_nano.a(lib_a-wsetup.o)
 .ARM.attributes
                0x0000000000000326       0x2e d:/st/stm32cubeide_1.3.0/stm32cubeide/plugins/com.st.stm32cube.ide.mcu.externaltools.gnu-tools-for-stm32.7-2018-q2-update.win32_1.0.0.201904181610/tools/bin/../lib/gcc/arm-none-eabi/7.3.1/../../../../arm-none-eabi/lib/thumb/v7e-m\libc_nano.a(lib_a-fflush.o)
 .ARM.attributes
                0x0000000000000354       0x2e d:/st/stm32cubeide_1.3.0/stm32cubeide/plugins/com.st.stm32cube.ide.mcu.externaltools.gnu-tools-for-stm32.7-2018-q2-update.win32_1.0.0.201904181610/tools/bin/../lib/gcc/arm-none-eabi/7.3.1/../../../../arm-none-eabi/lib/thumb/v7e-m\libc_nano.a(lib_a-findfp.o)
 .ARM.attributes
                0x0000000000000382       0x2e d:/st/stm32cubeide_1.3.0/stm32cubeide/plugins/com.st.stm32cube.ide.mcu.externaltools.gnu-tools-for-stm32.7-2018-q2-update.win32_1.0.0.201904181610/tools/bin/../lib/gcc/arm-none-eabi/7.3.1/../../../../arm-none-eabi/lib/thumb/v7e-m\libc_nano.a(lib_a-fwalk.o)
 .ARM.attributes
                0x00000000000003b0       0x2e d:/st/stm32cubeide_1.3.0/stm32cubeide/plugins/com.st.stm32cube.ide.mcu.externaltools.gnu-tools-for-stm32.7-2018-q2-update.win32_1.0.0.201904181610/tools/bin/../lib/gcc/arm-none-eabi/7.3.1/../../../../arm-none-eabi/lib/thumb/v7e-m\libc_nano.a(lib_a-makebuf.o)
 .ARM.attributes
                0x00000000000003de       0x2e d:/st/stm32cubeide_1.3.0/stm32cubeide/plugins/com.st.stm32cube.ide.mcu.externaltools.gnu-tools-for-stm32.7-2018-q2-update.win32_1.0.0.201904181610/tools/bin/../lib/gcc/arm-none-eabi/7.3.1/../../../../arm-none-eabi/lib/thumb/v7e-m\libc_nano.a(lib_a-nano-freer.o)
 .ARM.attributes
                0x000000000000040c       0x2e d:/st/stm32cubeide_1.3.0/stm32cubeide/plugins/com.st.stm32cube.ide.mcu.externaltools.gnu-tools-for-stm32.7-2018-q2-update.win32_1.0.0.201904181610/tools/bin/../lib/gcc/arm-none-eabi/7.3.1/../../../../arm-none-eabi/lib/thumb/v7e-m\libc_nano.a(lib_a-nano-mallocr.o)
 .ARM.attributes
                0x000000000000043a       0x2e d:/st/stm32cubeide_1.3.0/stm32cubeide/plugins/com.st.stm32cube.ide.mcu.externaltools.gnu-tools-for-stm32.7-2018-q2-update.win32_1.0.0.201904181610/tools/bin/../lib/gcc/arm-none-eabi/7.3.1/../../../../arm-none-eabi/lib/thumb/v7e-m\libc_nano.a(lib_a-nano-vfprintf.o)
 .ARM.attributes
                0x0000000000000468       0x2e d:/st/stm32cubeide_1.3.0/stm32cubeide/plugins/com.st.stm32cube.ide.mcu.externaltools.gnu-tools-for-stm32.7-2018-q2-update.win32_1.0.0.201904181610/tools/bin/../lib/gcc/arm-none-eabi/7.3.1/../../../../arm-none-eabi/lib/thumb/v7e-m\libc_nano.a(lib_a-nano-vfprintf_i.o)
 .ARM.attributes
                0x0000000000000496       0x2e d:/st/stm32cubeide_1.3.0/stm32cubeide/plugins/com.st.stm32cube.ide.mcu.externaltools.gnu-tools-for-stm32.7-2018-q2-update.win32_1.0.0.201904181610/tools/bin/../lib/gcc/arm-none-eabi/7.3.1/../../../../arm-none-eabi/lib/thumb/v7e-m\libc_nano.a(lib_a-sbrkr.o)
 .ARM.attributes
                0x00000000000004c4       0x2e d:/st/stm32cubeide_1.3.0/stm32cubeide/plugins/com.st.stm32cube.ide.mcu.externaltools.gnu-tools-for-stm32.7-2018-q2-update.win32_1.0.0.201904181610/tools/bin/../lib/gcc/arm-none-eabi/7.3.1/../../../../arm-none-eabi/lib/thumb/v7e-m\libc_nano.a(lib_a-stdio.o)
 .ARM.attributes
                0x00000000000004f2       0x2e d:/st/stm32cubeide_1.3.0/stm32cubeide/plugins/com.st.stm32cube.ide.mcu.externaltools.gnu-tools-for-stm32.7-2018-q2-update.win32_1.0.0.201904181610/tools/bin/../lib/gcc/arm-none-eabi/7.3.1/../../../../arm-none-eabi/lib/thumb/v7e-m\libc_nano.a(lib_a-writer.o)
 .ARM.attributes
                0x0000000000000520       0x2e d:/st/stm32cubeide_1.3.0/stm32cubeide/plugins/com.st.stm32cube.ide.mcu.externaltools.gnu-tools-for-stm32.7-2018-q2-update.win32_1.0.0.201904181610/tools/bin/../lib/gcc/arm-none-eabi/7.3.1/../../../../arm-none-eabi/lib/thumb/v7e-m\libc_nano.a(lib_a-closer.o)
 .ARM.attributes
                0x000000000000054e       0x2e d:/st/stm32cubeide_1.3.0/stm32cubeide/plugins/com.st.stm32cube.ide.mcu.externaltools.gnu-tools-for-stm32.7-2018-q2-update.win32_1.0.0.201904181610/tools/bin/../lib/gcc/arm-none-eabi/7.3.1/../../../../arm-none-eabi/lib/thumb/v7e-m\libc_nano.a(lib_a-fstatr.o)
 .ARM.attributes
                0x000000000000057c       0x2e d:/st/stm32cubeide_1.3.0/stm32cubeide/plugins/com.st.stm32cube.ide.mcu.externaltools.gnu-tools-for-stm32.7-2018-q2-update.win32_1.0.0.201904181610/tools/bin/../lib/gcc/arm-none-eabi/7.3.1/../../../../arm-none-eabi/lib/thumb/v7e-m\libc_nano.a(lib_a-isattyr.o)
 .ARM.attributes
                0x00000000000005aa       0x2e d:/st/stm32cubeide_1.3.0/stm32cubeide/plugins/com.st.stm32cube.ide.mcu.externaltools.gnu-tools-for-stm32.7-2018-q2-update.win32_1.0.0.201904181610/tools/bin/../lib/gcc/arm-none-eabi/7.3.1/../../../../arm-none-eabi/lib/thumb/v7e-m\libc_nano.a(lib_a-lseekr.o)
 .ARM.attributes
                0x00000000000005d8       0x1c d:/st/stm32cubeide_1.3.0/stm32cubeide/plugins/com.st.stm32cube.ide.mcu.externaltools.gnu-tools-for-stm32.7-2018-q2-update.win32_1.0.0.201904181610/tools/bin/../lib/gcc/arm-none-eabi/7.3.1/../../../../arm-none-eabi/lib/thumb/v7e-m\libc_nano.a(lib_a-memchr.o)
 .ARM.attributes
                0x00000000000005f4       0x2e d:/st/stm32cubeide_1.3.0/stm32cubeide/plugins/com.st.stm32cube.ide.mcu.externaltools.gnu-tools-for-stm32.7-2018-q2-update.win32_1.0.0.201904181610/tools/bin/../lib/gcc/arm-none-eabi/7.3.1/../../../../arm-none-eabi/lib/thumb/v7e-m\libc_nano.a(lib_a-mlock.o)
 .ARM.attributes
                0x0000000000000622       0x2e d:/st/stm32cubeide_1.3.0/stm32cubeide/plugins/com.st.stm32cube.ide.mcu.externaltools.gnu-tools-for-stm32.7-2018-q2-update.win32_1.0.0.201904181610/tools/bin/../lib/gcc/arm-none-eabi/7.3.1/../../../../arm-none-eabi/lib/thumb/v7e-m\libc_nano.a(lib_a-readr.o)
 .ARM.attributes
                0x0000000000000650       0x2e d:/st/stm32cubeide_1.3.0/stm32cubeide/plugins/com.st.stm32cube.ide.mcu.externaltools.gnu-tools-for-stm32.7-2018-q2-update.win32_1.0.0.201904181610/tools/bin/../lib/gcc/arm-none-eabi/7.3.1/../../../../arm-none-eabi/lib/thumb/v7e-m\libc_nano.a(lib_a-reent.o)
 .ARM.attributes
                0x000000000000067e       0x1e d:/st/stm32cubeide_1.3.0/stm32cubeide/plugins/com.st.stm32cube.ide.mcu.externaltools.gnu-tools-for-stm32.7-2018-q2-update.win32_1.0.0.201904181610/tools/bin/../lib/gcc/arm-none-eabi/7.3.1/thumb/v7e-m/crtn.o
OUTPUT(stm32f4xx_drivers.elf elf32-littlearm)

.debug_info     0x0000000000000000     0x3820
 .debug_info    0x0000000000000000      0xc8b Src/014uartcase.o
 .debug_info    0x0000000000000c8b      0xefd Src/syscalls.o
 .debug_info    0x0000000000001b88      0x91c Src/sysmem.o
 .debug_info    0x00000000000024a4       0x22 Startup/startup_stm32f446retx.o
 .debug_info    0x00000000000024c6      0x761 drivers/Src/stm32f446re_gpio_driver.o
 .debug_info    0x0000000000002c27      0x3cc drivers/Src/stm32f446re_rcc_driver.o
 .debug_info    0x0000000000002ff3      0x82d drivers/Src/stm32f446re_usart_driver.o

.debug_abbrev   0x0000000000000000      0xa65
 .debug_abbrev  0x0000000000000000      0x233 Src/014uartcase.o
 .debug_abbrev  0x0000000000000233      0x279 Src/syscalls.o
 .debug_abbrev  0x00000000000004ac      0x1bb Src/sysmem.o
 .debug_abbrev  0x0000000000000667       0x12 Startup/startup_stm32f446retx.o
 .debug_abbrev  0x0000000000000679      0x15f drivers/Src/stm32f446re_gpio_driver.o
 .debug_abbrev  0x00000000000007d8       0xfd drivers/Src/stm32f446re_rcc_driver.o
 .debug_abbrev  0x00000000000008d5      0x190 drivers/Src/stm32f446re_usart_driver.o

.debug_aranges  0x0000000000000000      0x280
 .debug_aranges
                0x0000000000000000       0x50 Src/014uartcase.o
 .debug_aranges
                0x0000000000000050       0xb0 Src/syscalls.o
 .debug_aranges
                0x0000000000000100       0x20 Src/sysmem.o
 .debug_aranges
                0x0000000000000120       0x28 Startup/startup_stm32f446retx.o
 .debug_aranges
                0x0000000000000148       0x78 drivers/Src/stm32f446re_gpio_driver.o
 .debug_aranges
                0x00000000000001c0       0x30 drivers/Src/stm32f446re_rcc_driver.o
 .debug_aranges
                0x00000000000001f0       0x90 drivers/Src/stm32f446re_usart_driver.o

.debug_ranges   0x0000000000000000      0x218
 .debug_ranges  0x0000000000000000       0x40 Src/014uartcase.o
 .debug_ranges  0x0000000000000040       0xa0 Src/syscalls.o
 .debug_ranges  0x00000000000000e0       0x10 Src/sysmem.o
 .debug_ranges  0x00000000000000f0       0x20 Startup/startup_stm32f446retx.o
 .debug_ranges  0x0000000000000110       0x68 drivers/Src/stm32f446re_gpio_driver.o
 .debug_ranges  0x0000000000000178       0x20 drivers/Src/stm32f446re_rcc_driver.o
 .debug_ranges  0x0000000000000198       0x80 drivers/Src/stm32f446re_usart_driver.o

.debug_macro    0x0000000000000000     0x36d3
 .debug_macro   0x0000000000000000      0x23e Src/014uartcase.o
 .debug_macro   0x000000000000023e      0xa66 Src/014uartcase.o
 .debug_macro   0x0000000000000ca4       0x22 Src/014uartcase.o
 .debug_macro   0x0000000000000cc6       0x40 Src/014uartcase.o
 .debug_macro   0x0000000000000d06       0x18 Src/014uartcase.o
 .debug_macro   0x0000000000000d1e       0x94 Src/014uartcase.o
 .debug_macro   0x0000000000000db2       0x3c Src/014uartcase.o
 .debug_macro   0x0000000000000dee       0x34 Src/014uartcase.o
 .debug_macro   0x0000000000000e22       0x16 Src/014uartcase.o
 .debug_macro   0x0000000000000e38       0x57 Src/014uartcase.o
 .debug_macro   0x0000000000000e8f       0x97 Src/014uartcase.o
 .debug_macro   0x0000000000000f26      0x330 Src/014uartcase.o
 .debug_macro   0x0000000000001256       0xfd Src/014uartcase.o
 .debug_macro   0x0000000000001353       0x10 Src/014uartcase.o
 .debug_macro   0x0000000000001363       0x52 Src/014uartcase.o
 .debug_macro   0x00000000000013b5       0x1f Src/014uartcase.o
 .debug_macro   0x00000000000013d4       0x43 Src/014uartcase.o
 .debug_macro   0x0000000000001417       0x20 Src/014uartcase.o
 .debug_macro   0x0000000000001437      0x1a3 Src/014uartcase.o
 .debug_macro   0x00000000000015da       0x10 Src/014uartcase.o
 .debug_macro   0x00000000000015ea       0x6a Src/014uartcase.o
 .debug_macro   0x0000000000001654       0x1c Src/014uartcase.o
 .debug_macro   0x0000000000001670       0x52 Src/014uartcase.o
 .debug_macro   0x00000000000016c2       0x40 Src/014uartcase.o
 .debug_macro   0x0000000000001702       0x10 Src/014uartcase.o
 .debug_macro   0x0000000000001712       0x40 Src/014uartcase.o
 .debug_macro   0x0000000000001752       0xd7 Src/014uartcase.o
 .debug_macro   0x0000000000001829       0x1c Src/014uartcase.o
 .debug_macro   0x0000000000001845       0x3d Src/014uartcase.o
 .debug_macro   0x0000000000001882       0x16 Src/014uartcase.o
 .debug_macro   0x0000000000001898      0x145 Src/014uartcase.o
 .debug_macro   0x00000000000019dd       0x16 Src/014uartcase.o
 .debug_macro   0x00000000000019f3       0x35 Src/014uartcase.o
 .debug_macro   0x0000000000001a28       0x20 Src/014uartcase.o
 .debug_macro   0x0000000000001a48       0xef Src/014uartcase.o
 .debug_macro   0x0000000000001b37      0x1df Src/014uartcase.o
 .debug_macro   0x0000000000001d16      0x40a Src/014uartcase.o
 .debug_macro   0x0000000000002120       0xc4 Src/014uartcase.o
 .debug_macro   0x00000000000021e4       0xa0 Src/014uartcase.o
 .debug_macro   0x0000000000002284       0x82 Src/014uartcase.o
 .debug_macro   0x0000000000002306       0xf4 Src/014uartcase.o
 .debug_macro   0x00000000000023fa      0x255 Src/syscalls.o
 .debug_macro   0x000000000000264f      0x174 Src/syscalls.o
 .debug_macro   0x00000000000027c3       0x10 Src/syscalls.o
 .debug_macro   0x00000000000027d3       0x10 Src/syscalls.o
 .debug_macro   0x00000000000027e3       0x10 Src/syscalls.o
 .debug_macro   0x00000000000027f3       0x35 Src/syscalls.o
 .debug_macro   0x0000000000002828      0x122 Src/syscalls.o
 .debug_macro   0x000000000000294a       0x16 Src/syscalls.o
 .debug_macro   0x0000000000002960       0x16 Src/syscalls.o
 .debug_macro   0x0000000000002976       0x29 Src/syscalls.o
 .debug_macro   0x000000000000299f       0x10 Src/syscalls.o
 .debug_macro   0x00000000000029af      0x241 Src/syscalls.o
 .debug_macro   0x0000000000002bf0       0x1c Src/syscalls.o
 .debug_macro   0x0000000000002c0c       0x10 Src/syscalls.o
 .debug_macro   0x0000000000002c1c      0x189 Src/syscalls.o
 .debug_macro   0x0000000000002da5       0x16 Src/syscalls.o
 .debug_macro   0x0000000000002dbb       0x88 Src/syscalls.o
 .debug_macro   0x0000000000002e43      0x1ae Src/sysmem.o
 .debug_macro   0x0000000000002ff1      0x23b Src/sysmem.o
 .debug_macro   0x000000000000322c       0xc2 drivers/Src/stm32f446re_gpio_driver.o
 .debug_macro   0x00000000000032ee       0x8e drivers/Src/stm32f446re_gpio_driver.o
 .debug_macro   0x000000000000337c       0x51 drivers/Src/stm32f446re_gpio_driver.o
 .debug_macro   0x00000000000033cd       0x9a drivers/Src/stm32f446re_gpio_driver.o
 .debug_macro   0x0000000000003467       0xbc drivers/Src/stm32f446re_rcc_driver.o
 .debug_macro   0x0000000000003523       0xc2 drivers/Src/stm32f446re_usart_driver.o
 .debug_macro   0x00000000000035e5       0xee drivers/Src/stm32f446re_usart_driver.o

.debug_line     0x0000000000000000     0x26e1
 .debug_line    0x0000000000000000      0x744 Src/014uartcase.o
 .debug_line    0x0000000000000744      0x759 Src/syscalls.o
 .debug_line    0x0000000000000e9d      0x559 Src/sysmem.o
 .debug_line    0x00000000000013f6       0x84 Startup/startup_stm32f446retx.o
 .debug_line    0x000000000000147a      0x64c drivers/Src/stm32f446re_gpio_driver.o
 .debug_line    0x0000000000001ac6      0x4da drivers/Src/stm32f446re_rcc_driver.o
 .debug_line    0x0000000000001fa0      0x741 drivers/Src/stm32f446re_usart_driver.o

.debug_str      0x0000000000000000     0xbdd2
 .debug_str     0x0000000000000000     0xa597 Src/014uartcase.o
                                       0xa815 (size before relaxing)
 .debug_str     0x000000000000a597     0x127b Src/syscalls.o
                                       0x8956 (size before relaxing)
 .debug_str     0x000000000000b812       0x31 Src/sysmem.o
                                       0x7af4 (size before relaxing)
 .debug_str     0x000000000000b843       0x31 Startup/startup_stm32f446retx.o
                                         0x81 (size before relaxing)
 .debug_str     0x000000000000b874      0x31c drivers/Src/stm32f446re_gpio_driver.o
                                       0x681f (size before relaxing)
 .debug_str     0x000000000000bb90       0xbd drivers/Src/stm32f446re_rcc_driver.o
                                       0x663d (size before relaxing)
 .debug_str     0x000000000000bc4d      0x185 drivers/Src/stm32f446re_usart_driver.o
                                       0x6873 (size before relaxing)

.comment        0x0000000000000000       0x7b
 .comment       0x0000000000000000       0x7b Src/014uartcase.o
                                         0x7c (size before relaxing)
 .comment       0x000000000000007b       0x7c Src/syscalls.o
 .comment       0x000000000000007b       0x7c Src/sysmem.o
 .comment       0x000000000000007b       0x7c drivers/Src/stm32f446re_gpio_driver.o
 .comment       0x000000000000007b       0x7c drivers/Src/stm32f446re_rcc_driver.o
 .comment       0x000000000000007b       0x7c drivers/Src/stm32f446re_usart_driver.o

.debug_frame    0x0000000000000000     0x103c
 .debug_frame   0x0000000000000000      0x100 Src/014uartcase.o
 .debug_frame   0x0000000000000100      0x2d4 Src/syscalls.o
 .debug_frame   0x00000000000003d4       0x34 Src/sysmem.o
 .debug_frame   0x0000000000000408      0x1f0 drivers/Src/stm32f446re_gpio_driver.o
 .debug_frame   0x00000000000005f8       0x7c drivers/Src/stm32f446re_rcc_driver.o
 .debug_frame   0x0000000000000674      0x258 drivers/Src/stm32f446re_usart_driver.o
 .debug_frame   0x00000000000008cc       0x20 d:/st/stm32cubeide_1.3.0/stm32cubeide/plugins/com.st.stm32cube.ide.mcu.externaltools.gnu-tools-for-stm32.7-2018-q2-update.win32_1.0.0.201904181610/tools/bin/../lib/gcc/arm-none-eabi/7.3.1/../../../../arm-none-eabi/lib/thumb/v7e-m\libc_nano.a(lib_a-errno.o)
 .debug_frame   0x00000000000008ec       0x2c d:/st/stm32cubeide_1.3.0/stm32cubeide/plugins/com.st.stm32cube.ide.mcu.externaltools.gnu-tools-for-stm32.7-2018-q2-update.win32_1.0.0.201904181610/tools/bin/../lib/gcc/arm-none-eabi/7.3.1/../../../../arm-none-eabi/lib/thumb/v7e-m\libc_nano.a(lib_a-init.o)
 .debug_frame   0x0000000000000918       0x20 d:/st/stm32cubeide_1.3.0/stm32cubeide/plugins/com.st.stm32cube.ide.mcu.externaltools.gnu-tools-for-stm32.7-2018-q2-update.win32_1.0.0.201904181610/tools/bin/../lib/gcc/arm-none-eabi/7.3.1/../../../../arm-none-eabi/lib/thumb/v7e-m\libc_nano.a(lib_a-memset.o)
 .debug_frame   0x0000000000000938       0x74 d:/st/stm32cubeide_1.3.0/stm32cubeide/plugins/com.st.stm32cube.ide.mcu.externaltools.gnu-tools-for-stm32.7-2018-q2-update.win32_1.0.0.201904181610/tools/bin/../lib/gcc/arm-none-eabi/7.3.1/../../../../arm-none-eabi/lib/thumb/v7e-m\libc_nano.a(lib_a-printf.o)
 .debug_frame   0x00000000000009ac       0x3c d:/st/stm32cubeide_1.3.0/stm32cubeide/plugins/com.st.stm32cube.ide.mcu.externaltools.gnu-tools-for-stm32.7-2018-q2-update.win32_1.0.0.201904181610/tools/bin/../lib/gcc/arm-none-eabi/7.3.1/../../../../arm-none-eabi/lib/thumb/v7e-m\libc_nano.a(lib_a-puts.o)
 .debug_frame   0x00000000000009e8       0x40 d:/st/stm32cubeide_1.3.0/stm32cubeide/plugins/com.st.stm32cube.ide.mcu.externaltools.gnu-tools-for-stm32.7-2018-q2-update.win32_1.0.0.201904181610/tools/bin/../lib/gcc/arm-none-eabi/7.3.1/../../../../arm-none-eabi/lib/thumb/v7e-m\libc_nano.a(lib_a-wbuf.o)
 .debug_frame   0x0000000000000a28       0x2c d:/st/stm32cubeide_1.3.0/stm32cubeide/plugins/com.st.stm32cube.ide.mcu.externaltools.gnu-tools-for-stm32.7-2018-q2-update.win32_1.0.0.201904181610/tools/bin/../lib/gcc/arm-none-eabi/7.3.1/../../../../arm-none-eabi/lib/thumb/v7e-m\libc_nano.a(lib_a-wsetup.o)
 .debug_frame   0x0000000000000a54       0x68 d:/st/stm32cubeide_1.3.0/stm32cubeide/plugins/com.st.stm32cube.ide.mcu.externaltools.gnu-tools-for-stm32.7-2018-q2-update.win32_1.0.0.201904181610/tools/bin/../lib/gcc/arm-none-eabi/7.3.1/../../../../arm-none-eabi/lib/thumb/v7e-m\libc_nano.a(lib_a-fflush.o)
 .debug_frame   0x0000000000000abc      0x11c d:/st/stm32cubeide_1.3.0/stm32cubeide/plugins/com.st.stm32cube.ide.mcu.externaltools.gnu-tools-for-stm32.7-2018-q2-update.win32_1.0.0.201904181610/tools/bin/../lib/gcc/arm-none-eabi/7.3.1/../../../../arm-none-eabi/lib/thumb/v7e-m\libc_nano.a(lib_a-findfp.o)
 .debug_frame   0x0000000000000bd8       0x54 d:/st/stm32cubeide_1.3.0/stm32cubeide/plugins/com.st.stm32cube.ide.mcu.externaltools.gnu-tools-for-stm32.7-2018-q2-update.win32_1.0.0.201904181610/tools/bin/../lib/gcc/arm-none-eabi/7.3.1/../../../../arm-none-eabi/lib/thumb/v7e-m\libc_nano.a(lib_a-fwalk.o)
 .debug_frame   0x0000000000000c2c       0x58 d:/st/stm32cubeide_1.3.0/stm32cubeide/plugins/com.st.stm32cube.ide.mcu.externaltools.gnu-tools-for-stm32.7-2018-q2-update.win32_1.0.0.201904181610/tools/bin/../lib/gcc/arm-none-eabi/7.3.1/../../../../arm-none-eabi/lib/thumb/v7e-m\libc_nano.a(lib_a-makebuf.o)
 .debug_frame   0x0000000000000c84       0x38 d:/st/stm32cubeide_1.3.0/stm32cubeide/plugins/com.st.stm32cube.ide.mcu.externaltools.gnu-tools-for-stm32.7-2018-q2-update.win32_1.0.0.201904181610/tools/bin/../lib/gcc/arm-none-eabi/7.3.1/../../../../arm-none-eabi/lib/thumb/v7e-m\libc_nano.a(lib_a-nano-freer.o)
 .debug_frame   0x0000000000000cbc       0x2c d:/st/stm32cubeide_1.3.0/stm32cubeide/plugins/com.st.stm32cube.ide.mcu.externaltools.gnu-tools-for-stm32.7-2018-q2-update.win32_1.0.0.201904181610/tools/bin/../lib/gcc/arm-none-eabi/7.3.1/../../../../arm-none-eabi/lib/thumb/v7e-m\libc_nano.a(lib_a-nano-mallocr.o)
 .debug_frame   0x0000000000000ce8       0xac d:/st/stm32cubeide_1.3.0/stm32cubeide/plugins/com.st.stm32cube.ide.mcu.externaltools.gnu-tools-for-stm32.7-2018-q2-update.win32_1.0.0.201904181610/tools/bin/../lib/gcc/arm-none-eabi/7.3.1/../../../../arm-none-eabi/lib/thumb/v7e-m\libc_nano.a(lib_a-nano-vfprintf.o)
 .debug_frame   0x0000000000000d94       0x60 d:/st/stm32cubeide_1.3.0/stm32cubeide/plugins/com.st.stm32cube.ide.mcu.externaltools.gnu-tools-for-stm32.7-2018-q2-update.win32_1.0.0.201904181610/tools/bin/../lib/gcc/arm-none-eabi/7.3.1/../../../../arm-none-eabi/lib/thumb/v7e-m\libc_nano.a(lib_a-nano-vfprintf_i.o)
 .debug_frame   0x0000000000000df4       0x2c d:/st/stm32cubeide_1.3.0/stm32cubeide/plugins/com.st.stm32cube.ide.mcu.externaltools.gnu-tools-for-stm32.7-2018-q2-update.win32_1.0.0.201904181610/tools/bin/../lib/gcc/arm-none-eabi/7.3.1/../../../../arm-none-eabi/lib/thumb/v7e-m\libc_nano.a(lib_a-sbrkr.o)
 .debug_frame   0x0000000000000e20       0x88 d:/st/stm32cubeide_1.3.0/stm32cubeide/plugins/com.st.stm32cube.ide.mcu.externaltools.gnu-tools-for-stm32.7-2018-q2-update.win32_1.0.0.201904181610/tools/bin/../lib/gcc/arm-none-eabi/7.3.1/../../../../arm-none-eabi/lib/thumb/v7e-m\libc_nano.a(lib_a-stdio.o)
 .debug_frame   0x0000000000000ea8       0x2c d:/st/stm32cubeide_1.3.0/stm32cubeide/plugins/com.st.stm32cube.ide.mcu.externaltools.gnu-tools-for-stm32.7-2018-q2-update.win32_1.0.0.201904181610/tools/bin/../lib/gcc/arm-none-eabi/7.3.1/../../../../arm-none-eabi/lib/thumb/v7e-m\libc_nano.a(lib_a-writer.o)
 .debug_frame   0x0000000000000ed4       0x2c d:/st/stm32cubeide_1.3.0/stm32cubeide/plugins/com.st.stm32cube.ide.mcu.externaltools.gnu-tools-for-stm32.7-2018-q2-update.win32_1.0.0.201904181610/tools/bin/../lib/gcc/arm-none-eabi/7.3.1/../../../../arm-none-eabi/lib/thumb/v7e-m\libc_nano.a(lib_a-closer.o)
 .debug_frame   0x0000000000000f00       0x2c d:/st/stm32cubeide_1.3.0/stm32cubeide/plugins/com.st.stm32cube.ide.mcu.externaltools.gnu-tools-for-stm32.7-2018-q2-update.win32_1.0.0.201904181610/tools/bin/../lib/gcc/arm-none-eabi/7.3.1/../../../../arm-none-eabi/lib/thumb/v7e-m\libc_nano.a(lib_a-fstatr.o)
 .debug_frame   0x0000000000000f2c       0x2c d:/st/stm32cubeide_1.3.0/stm32cubeide/plugins/com.st.stm32cube.ide.mcu.externaltools.gnu-tools-for-stm32.7-2018-q2-update.win32_1.0.0.201904181610/tools/bin/../lib/gcc/arm-none-eabi/7.3.1/../../../../arm-none-eabi/lib/thumb/v7e-m\libc_nano.a(lib_a-isattyr.o)
 .debug_frame   0x0000000000000f58       0x2c d:/st/stm32cubeide_1.3.0/stm32cubeide/plugins/com.st.stm32cube.ide.mcu.externaltools.gnu-tools-for-stm32.7-2018-q2-update.win32_1.0.0.201904181610/tools/bin/../lib/gcc/arm-none-eabi/7.3.1/../../../../arm-none-eabi/lib/thumb/v7e-m\libc_nano.a(lib_a-lseekr.o)
 .debug_frame   0x0000000000000f84       0x30 d:/st/stm32cubeide_1.3.0/stm32cubeide/plugins/com.st.stm32cube.ide.mcu.externaltools.gnu-tools-for-stm32.7-2018-q2-update.win32_1.0.0.201904181610/tools/bin/../lib/gcc/arm-none-eabi/7.3.1/../../../../arm-none-eabi/lib/thumb/v7e-m\libc_nano.a(lib_a-mlock.o)
 .debug_frame   0x0000000000000fb4       0x2c d:/st/stm32cubeide_1.3.0/stm32cubeide/plugins/com.st.stm32cube.ide.mcu.externaltools.gnu-tools-for-stm32.7-2018-q2-update.win32_1.0.0.201904181610/tools/bin/../lib/gcc/arm-none-eabi/7.3.1/../../../../arm-none-eabi/lib/thumb/v7e-m\libc_nano.a(lib_a-readr.o)
 .debug_frame   0x0000000000000fe0       0x5c d:/st/stm32cubeide_1.3.0/stm32cubeide/plugins/com.st.stm32cube.ide.mcu.externaltools.gnu-tools-for-stm32.7-2018-q2-update.win32_1.0.0.201904181610/tools/bin/../lib/gcc/arm-none-eabi/7.3.1/../../../../arm-none-eabi/lib/thumb/v7e-m\libc_nano.a(lib_a-reent.o)
